******************************************************************************
                  TI ARM Linker PC v18.12.4                    
******************************************************************************
>> Linked Thu Apr  2 09:37:54 2020

OUTPUT FILE NAME:   <mqtt_client_CC3220SF_LAUNCHXL_freertos_ccs.out>
ENTRY POINT SYMBOL: "resetISR"  address: 010160f9


MEMORY CONFIGURATION

         name            origin    length      used     unused   attr    fill
----------------------  --------  ---------  --------  --------  ----  --------
  FLASH_HDR             01000000   000007ff  00000000  000007ff  R  X
  FLASH                 01000800   000ff800  00016a28  000e8dd8  R  X
  SRAM                  20000000   00040000  00012cf2  0002d30e  RW X


SEGMENT ALLOCATION MAP

run origin  load origin   length   init length attrs members
----------  ----------- ---------- ----------- ----- -------
01000800    01000800    00016a30   00016a30    r-x
  01000800    01000800    00000040   00000040    r-- .resetVecs
  01000840    01000840    00015e6e   00015e6e    r-x .text
  010166b0    010166b0    000009d2   000009d2    r-- .const
  01017088    01017088    000001a8   000001a8    r-- .cinit
20000400    20000400    000125e8   00000000    rw-
  20000400    20000400    0001190e   00000000    rw- .bss
  20011d10    20011d10    00000cd8   00000000    rw- .data
2003fc00    2003fc00    00000400   00000000    rw-
  2003fc00    2003fc00    00000400   00000000    rw- .stack


SECTION ALLOCATION MAP

 output                                  attributes/
section   page    origin      length       input sections
--------  ----  ----------  ----------   ----------------
.resetVecs 
*          0    01000800    00000040     
                  01000800    00000040     freertos_builds_CC3220SF_LAUNCHXL_release_ccs.lib : startup_cc32xx_ccs.obj (.resetVecs:retain)

.text      0    01000840    00015e6e     
                  01000840    00000a4e     rtsv7M4_T_le_eabi.lib : _printfi.c.obj (.text:__TI_printfi)
                  0100128e    00000002     ti_drivers_config.obj (.text:Board_initHook)
                  01001290    000008cc     simplelink.a : driver.obj (.text:_SlDrvMsgRead)
                  01001b5c    000004bc                  : sl_socket.obj (.text:_SlSocketHandleAsync_Select)
                  01002018    00000454     rtsv7M4_T_le_eabi.lib : strtod.c.obj (.text:strtod)
                  0100246c    0000042c     driverlib.a : prcm.obj (.text:PRCMCC3200MCUInit)
                  01002898    00000384     simplelink.a : driver.obj (.text:_SlDrvMsgWrite)
                  01002c1c    0000031c     jsonFormat.obj (.text:jsmn_parse)
                  01002f38    000002e0     simplelink.a : driver.obj (.text:_SlDrvWaitForPoolObj)
                  01003218    000002d8                  : driver.obj (.text:_SlDrvRxHdrRead)
                  010034f0    000002b4                  : sl_socket.obj (.text:sl_Select)
                  010037a4    00000298     mqtt_client_app.obj (.text:MqttClient_start)
                  01003a3c    00000294     simplelink.a : driver.obj (.text:_SlDrvReleasePoolObj)
                  01003cd0    0000027c     jsonFormat.obj (.text:jsonParser)
                  01003f4c    0000027c     simplelink.a : wlan.obj (.text:sl_WlanConnect)
                  010041c8    0000026c     network_if.obj (.text:Network_IF_ConnectAP)
                  01004434    00000268     rtsv7M4_T_le_eabi.lib : _printfi.c.obj (.text:_pconv_a)
                  0100469c    0000025c     simplelink.a : driver.obj (.text:_SlDrvDataReadOp)
                  010048f8    00000254     network_if.obj (.text:Network_IF_InitDriver)
                  01004b4c    00000237     network_if.obj (.text:SimpleLinkSockEventHandler)
                  01004d83    00000001     --HOLE-- [fill = 0]
                  01004d84    00000224     simplelink.a : driver.obj (.text:_SlDrvDriverCBInit)
                  01004fa8    00000218                  : driver.obj (.text:_SlDrvDataWriteOp)
                  010051c0    0000020c     drivers_cc32xx.aem4 : UARTCC32XXDMA.oem4 (.text:UARTCC32XXDMA_open)
                  010053cc    000001f4     simplelink.a : driver.obj (.text:_SlDrvMsgReadCmdCtx)
                  010055c0    000001f2                  : netapp.obj (.text:_SlNetAppEventHandler)
                  010057b2    00000002     driverlib.a : interrupt.obj (.text:IntDefaultHandler)
                  010057b4    000001e8     mqtt_client_app.obj (.text:mainThread)
                  0100599c    000001d4     freertos_builds_CC3220SF_LAUNCHXL_release_ccs.lib : queue.obj (.text:xQueueSemaphoreTake)
                  01005b70    000001d0     drivers_cc32xx.aem4 : SPICC32XXDMA.oem4 (.text:SPICC32XXDMA_transfer)
                  01005d40    000001cc     rtsv7M4_T_le_eabi.lib : _printfi.c.obj (.text:_pconv_g)
                  01005f0c    000001c8     simplelink.a : device.obj (.text:sl_Stop)
                  010060d4    000001b8     drivers_cc32xx.aem4 : SPICC32XXDMA.oem4 (.text:configDMA)
                  0100628c    000001b8     freertos_builds_CC3220SF_LAUNCHXL_release_ccs.lib : queue.obj (.text:xQueueGenericSend)
                  01006444    000001b6     rtsv7M4_T_le_eabi.lib : fd_add_t2.asm.obj (.text)
                  010065fa    00000002     freertos_builds_CC3220SF_LAUNCHXL_release_ccs.lib : PowerCC32XX_freertos.obj (.text:PowerCC32XX_initPolicy)
                  010065fc    000001b4     simplelink.a : driver.obj (.text:_SlDrvReleaseAllActivePendingPoolObj)
                  010067b0    000001b0     freertos_builds_CC3220SF_LAUNCHXL_release_ccs.lib : PowerCC32XX_freertos.obj (.text:PowerCC32XX_sleepPolicy)
                  01006960    000001ac     simplelink.a : sl_socket.obj (.text:sl_Accept)
                  01006b0c    00000198     slnetsock_release.a : slnetsock.oem4 (.text:SlNetSock_select)
                  01006ca4    0000018c     simplelink.a : sl_socket.obj (.text:_SlDrvRegisterForSelectAsync)
                  01006e30    0000018c     jsonFormat.obj (.text:jsmn_parse_string)
                  01006fbc    00000189     network_if.obj (.text:SimpleLinkFatalErrorEventHandler)
                  01007145    00000001     --HOLE-- [fill = 0]
                  01007146    00000002     drivers_cc32xx.aem4 : UARTCC32XXDMA.oem4 (.text:UARTCC32XXDMA_init)
                  01007148    00000184     simplelink.a : driver.obj (.text:_SlDrvFindAndSetActiveObj)
                  010072cc    00000180     freertos_builds_CC3220SF_LAUNCHXL_release_ccs.lib : queue.obj (.text:xQueueReceive)
                  0100744c    00000178                                                       : heap_4.obj (.text:pvPortMalloc)
                  010075c4    00000178     simplelink.a : sl_socket.obj (.text:sl_Connect)
                  0100773c    00000174     mqtt_client_app.obj (.text:MqttClient)
                  010078b0    00000170     simplelink.a : netapp.obj (.text:sl_NetAppDnsGetHostByName)
                  01007a20    00000164     freertos_builds_CC3220SF_LAUNCHXL_release_ccs.lib : timers.obj (.text:prvProcessReceivedCommands)
                  01007b84    0000015e     client_cbs.obj (.text:MqttClientCallback)
                  01007ce2    0000015a     mqtt_release.a : mqtt_net_func.oem4 (.text:createSocket)
                  01007e3c    00000158     drivers_cc32xx.aem4 : SPICC32XXDMA.oem4 (.text:SPICC32XXDMA_open)
                  01007f94    00000154     mqtt_release.a : mqttclient.oem4 (.text:MQTTClient_connect)
                  010080e8    00000154     simplelink.a : sl_socket.obj (.text:sl_RecvFrom)
                  0100823c    0000014c                  : sl_socket.obj (.text:sl_StartTLS)
                  01008388    00000148     drivers_cc32xx.aem4 : PowerCC32XX.oem4 (.text:parkPins)
                  010084d0    00000140     simplelink.a : driver.obj (.text:_SlDrvMsgReadSpawnCtx)
                  01008610    0000013c                  : driver.obj (.text:_SlDrvDriverCBDeinit)
                  0100874c    0000013c                  : sl_socket.obj (.text:_SlDrvGetNextTimeoutValue)
                  01008888    0000013c     rtsv7M4_T_le_eabi.lib : _printfi.c.obj (.text:_pconv_e)
                  010089c4    0000013c     freertos_builds_CC3220SF_LAUNCHXL_release_ccs.lib : tasks.obj (.text:xTaskIncrementTick)
                  01008b00    00000138     drivers_cc32xx.aem4 : PowerCC32XX.oem4 (.text:Power_sleep)
                  01008c38    00000138     simplelink.a : driver.obj (.text:_SlSpawnMsgListInsert)
                  01008d70    00000138     freertos_builds_CC3220SF_LAUNCHXL_release_ccs.lib : pthread.obj (.text:pthread_create)
                  01008ea8    00000136     rtsv7M4_T_le_eabi.lib : fd_div_t2.asm.obj (.text)
                  01008fde    00000002     freertos_builds_CC3220SF_LAUNCHXL_release_ccs.lib : startup_cc32xx_ccs.obj (.text:busFaultHandler)
                  01008fe0    00000134     mqtt_client_app.obj (.text:Mqtt_IF_Connect)
                  01009114    00000134     simplelink.a : sl_socket.obj (.text:_SlSocketHandleAsync_StartTLS)
                  01009248    00000134     rtsv7M4_T_le_eabi.lib : vla_alloc.c.obj (.text:__vla_alloc)
                  0100937c    0000012a     freertos_builds_CC3220SF_LAUNCHXL_release_ccs.lib : tasks.obj (.text:prvInitialiseNewTask)
                  010094a6    00000002                                                       : startup_cc32xx_ccs.obj (.text:defaultHandler)
                  010094a8    00000128     simplelink.a : driver.obj (.text:_SlDrvClassifyRxMsg)
                  010095d0    00000124                  : fs.obj (.text:sl_FsOpen)
                  010096f4    00000120                  : driver.obj (.text:_SlDrvAsyncEventGenericHandler)
                  01009814    00000120     rtsv7M4_T_le_eabi.lib : _printfi.c.obj (.text:fcvt)
                  01009934    00000120     simplelink.a : device.obj (.text:sl_Start)
                  01009a54    0000011c     network_if.obj (.text:SimpleLinkWlanEventHandler)
                  01009b70    0000011c     freertos_builds_CC3220SF_LAUNCHXL_release_ccs.lib : tasks.obj (.text:xTaskResumeAll)
                  01009c8c    00000118     simplelink.a : netapp.obj (.text:_SlNetAppHandleAsync_DnsGetHostByService)
                  01009da4    00000114     freertos_builds_CC3220SF_LAUNCHXL_release_ccs.lib : tasks.obj (.text:vTaskPriorityDisinheritAfterTimeout)
                  01009eb8    00000112     mqtt_release.a : mqtt_common.oem4 (.text:MQTT_PacketRecv)
                  01009fca    00000002     freertos_builds_CC3220SF_LAUNCHXL_release_ccs.lib : startup_cc32xx_ccs.obj (.text:faultISR)
                  01009fcc    00000110     rtsv7M4_T_le_eabi.lib : strtoul.c.obj (.text:strtoul)
                  0100a0dc    00000108     slnetsock_release.a : slnetutils.oem4 (.text:SlNetUtil_str2BinIpV6)
                  0100a1e4    00000104     simplelink.a : device.obj (.text:_SlDeviceEventHandler)
                  0100a2e8    00000104                  : driver.obj (.text:_SlDrvCmdOp)
                  0100a3ec    00000104     freertos_builds_CC3220SF_LAUNCHXL_release_ccs.lib : queue.obj (.text:xQueueGenericSendFromISR)
                  0100a4f0    00000100     simplelink.a : driver.obj (.text:_SlDrvObjGlobalLockWaitForever)
                  0100a5f0    00000100                  : fs.obj (.text:sl_FsWrite)
                  0100a6f0    000000fc     rtsv7M4_T_le_eabi.lib : fd_mul_t2.asm.obj (.text)
                  0100a7ec    000000fc     simplelink.a : sl_socket.obj (.text:sl_Close)
                  0100a8e8    000000fc     freertos_builds_CC3220SF_LAUNCHXL_release_ccs.lib : tasks.obj (.text:vTaskSuspend)
                  0100a9e4    000000f8     slnetifwifi.a : slnetifwifi.obj (.text:SlNetIfWifi_loadSecObj)
                  0100aadc    000000f8     drivers_cc32xx.aem4 : UARTCC32XXDMA.oem4 (.text:UARTCC32XXDMA_close)
                  0100abd4    000000f8     mqtt_release.a : client_core.oem4 (.text:utf8ArraySend)
                  0100accc    000000f8     freertos_builds_CC3220SF_LAUNCHXL_release_ccs.lib : tasks.obj (.text:vTaskDelete)
                  0100adc4    000000f6     mqtt_release.a : mqtt_net_func.oem4 (.text:MQTTNet_commOpen)
                  0100aeba    00000002     freertos_builds_CC3220SF_LAUNCHXL_release_ccs.lib : startup_cc32xx_ccs.obj (.text:nmiISR)
                  0100aebc    000000f4     simplelink.a : sl_socket.obj (.text:sl_SendTo)
                  0100afb0    000000f2     drivers_cc32xx.aem4 : SPICC32XXDMA.oem4 (.text:SPICC32XXDMA_transferCancel)
                  0100b0a2    00000002     rtsv7M4_T_le_eabi.lib : div0.asm.obj (.text)
                  0100b0a4    000000f0     star.obj (.text:starThread)
                  0100b194    000000f0     freertos_builds_CC3220SF_LAUNCHXL_release_ccs.lib : queue.obj (.text:xQueueGiveFromISR)
                  0100b284    000000e8     slnetsock_release.a : slnetif.oem4 (.text:SlNetIf_add)
                  0100b36c    000000e8     drivers_cc32xx.aem4 : UARTCC32XXDMA.oem4 (.text:initHw)
                  0100b454    000000e8     freertos_builds_CC3220SF_LAUNCHXL_release_ccs.lib : tasks.obj (.text:xTaskPriorityInherit)
                  0100b53c    000000e0     mqtt_release.a : mqttclient.oem4 (.text:MqttClientCtxCreate)
                  0100b61c    000000e0     freertos_builds_CC3220SF_LAUNCHXL_release_ccs.lib : tasks.obj (.text:xTaskPriorityDisinherit)
                  0100b6fc    000000de     mqtt_release.a : client_core.oem4 (.text:connectMsgSend)
                  0100b7da    00000002     main_freertos.obj (.text:vApplicationMallocFailedHook)
                  0100b7dc    000000dc     freertos_builds_CC3220SF_LAUNCHXL_release_ccs.lib : tasks.obj (.text:vTaskSwitchContext)
                  0100b8b8    000000d8     uart_term.obj (.text:GetCmd)
                  0100b990    000000d8     drivers_cc32xx.aem4 : SPICC32XXDMA.oem4 (.text:SPICC32XXDMA_close)
                  0100ba68    000000d8     simplelink.a : device.obj (.text:_SlDeviceHandleAsync_InitComplete)
                  0100bb40    000000d8                  : driver.obj (.text:_SlDrvWaitForInternalAsyncEvent)
                  0100bc18    000000d8                  : netapp.obj (.text:_SlNetAppHandleAsync_NetAppReceive)
                  0100bcf0    000000d8     freertos_builds_CC3220SF_LAUNCHXL_release_ccs.lib : queue.obj (.text:xQueueReceiveFromISR)
                  0100bdc8    000000d0     mqtt_client_app.obj (.text:SetClientIdNamefromMacAddress)
                  0100be98    000000d0     simplelink.a : driver.obj (.text:_SlDrvRemoveFromList)
                  0100bf68    000000d0     rtsv7M4_T_le_eabi.lib : s_scalbn.c.obj (.text:scalbn)
                  0100c038    000000cc     mqtt_release.a : mqttclient.oem4 (.text:processNotifyAckCB)
                  0100c104    000000c8     jsonFormat.obj (.text:jsmn_parse_primitive)
                  0100c1cc    000000c8     drivers_cc32xx.aem4 : SPICC32XXDMA.oem4 (.text:spiHwiFxn)
                  0100c294    000000c4     freertos_builds_CC3220SF_LAUNCHXL_release_ccs.lib : tasks.obj (.text:prvAddNewTaskToReadyList)
                  0100c358    000000c0     mqtt_release.a : mqttclient.oem4 (.text:MqttClientSub)
                  0100c418    000000c0     mqtt_client_app.obj (.text:Mqtt_start)
                  0100c4d8    000000c0     simplelink.a : cc_pal.obj (.text:NwpPowerOff)
                  0100c598    000000c0     main_freertos.obj (.text:main)
                  0100c658    000000c0     drivers_cc32xx.aem4 : PowerCC32XX.oem4 (.text:restoreParkedPins)
                  0100c718    000000c0     simplelink.a : netcfg.obj (.text:sl_NetCfgGet)
                  0100c7d8    000000c0     freertos_builds_CC3220SF_LAUNCHXL_release_ccs.lib : port.obj (.text:xPortStartScheduler)
                  0100c898    000000be                                                       : queue.obj (.text:prvCopyDataToQueue)
                  0100c956    00000002     --HOLE-- [fill = 0]
                  0100c958    000000bc     network_if.obj (.text:SimpleLinkNetAppEventHandler)
                  0100ca14    000000bc     simplelink.a : netapp.obj (.text:_SlNetAppSendResponse)
                  0100cad0    000000bc     mqtt_release.a : client_core.oem4 (.text:clCtxConnStateTryLocked)
                  0100cb8c    000000bc     freertos_builds_CC3220SF_LAUNCHXL_release_ccs.lib : heap_4.obj (.text:prvHeapInit)
                  0100cc48    000000bc                                                       : timers.obj (.text:prvSwitchTimerLists)
                  0100cd04    000000bc     simplelink.a : sl_socket.obj (.text:sl_Send)
                  0100cdc0    000000ba     freertos_builds_CC3220SF_LAUNCHXL_release_ccs.lib : portasm.obj (.text)
                  0100ce7a    00000002     --HOLE-- [fill = 0]
                  0100ce7c    000000ba     jsonFormat.obj (.text:packageDebugJSON)
                  0100cf36    00000002     --HOLE-- [fill = 0]
                  0100cf38    000000b8     drivers_cc32xx.aem4 : UARTCC32XXDMA.oem4 (.text:UARTCC32XXDMA_configDMA)
                  0100cff0    000000b8     simplelink.a : netapp.obj (.text:_SlNetAppHandleAsync_DnsGetHostByName)
                  0100d0a8    000000b8                  : netapp.obj (.text:_SlNetAppHandleAsync_PingResponse)
                  0100d160    000000b8                  : wlan.obj (.text:sl_WlanGet)
                  0100d218    000000b8     freertos_builds_CC3220SF_LAUNCHXL_release_ccs.lib : queue.obj (.text:xQueueGenericReset)
                  0100d2d0    000000b4     mqtt_release.a : mqttclient.oem4 (.text:MqttClient_send)
                  0100d384    000000b4     drivers_cc32xx.aem4 : UARTCC32XXDMA.oem4 (.text:UARTCC32XXDMA_hwiIntFxn)
                  0100d438    000000b4     simplelink.a : driver.obj (.text:_SlDrvHandleFatalError)
                  0100d4ec    000000b4                  : netutil.obj (.text:_SlNetUtilHandleAsync_Cmd)
                  0100d5a0    000000b4     freertos_builds_CC3220SF_LAUNCHXL_release_ccs.lib : clock.obj (.text:_clock_abstime2ticks)
                  0100d654    000000b4     simplelink.a : sl_socket.obj (.text:sl_GetSockOpt)
                  0100d708    000000b1     rtsv7M4_T_le_eabi.lib : _printfi.c.obj (.text:_ltostr)
                  0100d7b9    00000003     --HOLE-- [fill = 0]
                  0100d7bc    000000b0     slnetifwifi.a : slnetifwifi.obj (.text:SlNetIfWifi_getSockOpt)
                  0100d86c    000000b0     freertos_builds_CC3220SF_LAUNCHXL_release_ccs.lib : tasks.obj (.text:prvAddCurrentTaskToDelayedList)
                  0100d91c    000000b0                                                       : tasks.obj (.text:xTaskCheckForTimeOut)
                  0100d9cc    000000ae     slnetifwifi.a : slnetifwifi.obj (.text:matchModeByRole)
                  0100da7a    000000ae     freertos_builds_CC3220SF_LAUNCHXL_release_ccs.lib : queue.obj (.text:prvUnlockQueue)
                  0100db28    000000ac     simplelink.a : sl_socket.obj (.text:_SlSocketHandleAsync_Close)
                  0100dbd4    000000ac                  : sl_socket.obj (.text:_SlSocketHandleAsync_Connect)
                  0100dc80    000000ac     freertos_builds_CC3220SF_LAUNCHXL_release_ccs.lib : clock.obj (.text:clock_gettime)
                  0100dd2c    000000a8     driverlib.a : interrupt.obj (.text:IntDisable)
                  0100ddd4    000000a8                 : interrupt.obj (.text:IntEnable)
                  0100de7c    000000a8                 : prcm.obj (.text:PRCMPeripheralClockGet)
                  0100df24    000000a8     drivers_cc32xx.aem4 : PowerCC32XX.oem4 (.text:PowerCC32XX_configureWakeup)
                  0100dfcc    000000a8     freertos_builds_CC3220SF_LAUNCHXL_release_ccs.lib : heap_4.obj (.text:prvInsertBlockIntoFreeList)
                  0100e074    000000a8     simplelink.a : fs.obj (.text:sl_FsClose)
                  0100e11c    000000a8     freertos_builds_CC3220SF_LAUNCHXL_release_ccs.lib : tasks.obj (.text:xTaskRemoveFromEventList)
                  0100e1c4    000000a6     simplelink.a : driver.obj (.text:_SlDrvIsTimeoutExpired)
                  0100e26a    00000002     --HOLE-- [fill = 0]
                  0100e26c    000000a4     mqtt_release.a : mqttclient.oem4 (.text:MQTTClient_create)
                  0100e310    000000a4                    : mqttclient.oem4 (.text:MqttClientConfig)
                  0100e3b4    000000a4     simplelink.a : sl_socket.obj (.text:sl_Bind)
                  0100e458    000000a0     freertos_builds_CC3220SF_LAUNCHXL_release_ccs.lib : ClockP_freertos.obj (.text:ClockP_create)
                  0100e4f8    000000a0     simplelink.a : fs.obj (.text:FsGetCreateFsMode)
                  0100e598    000000a0     mqtt_release.a : mqttclient.oem4 (.text:MQTTClient_delete)
                  0100e638    000000a0     simplelink.a : sl_socket.obj (.text:_SlDrvUnRegisterForSelectAsync)
                  0100e6d8    000000a0                  : driver.obj (.text:_SlSpawnMsgListProcess)
                  0100e778    0000009e                  : cc_pal.obj (.text:spi_Read)
                  0100e816    0000009e                  : cc_pal.obj (.text:spi_Write)
                  0100e8b4    0000009c     mqtt_release.a : client_core.oem4 (.text:MQTTClientCore_initLib)
                  0100e950    0000009c                    : client_core.oem4 (.text:MQTTClientCore_sendPubMsg)
                  0100e9ec    0000009c                    : mqttclient.oem4 (.text:MqttClientUnsub)
                  0100ea88    0000009c                    : client_core.oem4 (.text:_msgDispatch)
                  0100eb24    0000009c     rtsv7M4_T_le_eabi.lib : memcpy_t2.asm.obj (.text)
                  0100ebc0    0000009c     freertos_builds_CC3220SF_LAUNCHXL_release_ccs.lib : heap_4.obj (.text:vPortFree)
                  0100ec5c    0000009a     mqtt_release.a : client_core.oem4 (.text:procPubMsgRx)
                  0100ecf6    00000098     uart_term.obj (.text:TrimSpace)
                  0100ed8e    00000096     mqtt_release.a : mqtt_net_func.oem4 (.text:MQTTNet_tcpSelect)
                  0100ee24    00000096     rtsv7M4_T_le_eabi.lib : ull_div_t2.asm.obj (.text)
                  0100eeba    00000002     --HOLE-- [fill = 0]
                  0100eebc    00000094     simplelink.a : cc_pal.obj (.text:Semaphore_pend_handle)
                  0100ef50    00000094     mqtt_queue.obj (.text:createQs)
                  0100efe4    00000094     drivers_cc32xx.aem4 : SPICC32XXDMA.oem4 (.text:initHw)
                  0100f078    00000094     freertos_builds_CC3220SF_LAUNCHXL_release_ccs.lib : tasks.obj (.text:vTaskStartScheduler)
                  0100f10c    00000092     slnetsock_release.a : slnetsock.oem4 (.text:SlNetSock_create)
                  0100f19e    00000002     --HOLE-- [fill = 0]
                  0100f1a0    00000090                         : slnetsock.oem4 (.text:SlNetSock_getVirtualSdConf)
                  0100f230    00000090     simplelink.a : device.obj (.text:_SlDeviceHandleAsync_Stop)
                  0100f2c0    00000090                  : sl_socket.obj (.text:_SlSocketHandleAsync_Accept)
                  0100f350    00000090     mqtt_release.a : mqttclient.oem4 (.text:processPublishRxCB)
                  0100f3e0    00000090     drivers_cc32xx.aem4 : PowerCC32XX.oem4 (.text:restoreNVICRegs)
                  0100f470    0000008c     mqtt_release.a : client_core.oem4 (.text:MQTTClientCore_createCtx)
                  0100f4fc    0000008c     slnetsock_release.a : slnetsock.oem4 (.text:SlNetSock_accept)
                  0100f588    0000008c     drivers_cc32xx.aem4 : UARTCC32XXDMA.oem4 (.text:UARTCC32XXDMA_write)
                  0100f614    0000008c     simplelink.a : driver.obj (.text:_SlDrvDriverIsApiAllowed)
                  0100f6a0    0000008c     freertos_builds_CC3220SF_LAUNCHXL_release_ccs.lib : clock.obj (.text:_clock_gettimeMono)
                  0100f72c    0000008c     simplelink.a : sl_socket.obj (.text:sl_Recv)
                  0100f7b8    00000088     driverlib.a : pin.obj (.text:PinConfigSet)
                  0100f840    00000088     simplelink.a : driver.obj (.text:_SlDrvProtectAsyncRespSetting)
                  0100f8c8    00000088     mqtt_release.a : client_core.oem4 (.text:procConnackRx)
                  0100f950    00000088     freertos_builds_CC3220SF_LAUNCHXL_release_ccs.lib : timers.obj (.text:prvProcessTimerOrBlockTask)
                  0100f9d8    00000088     simplelink.a : eventreg.obj (.text:sl_UnregisterLibsEventHandler)
                  0100fa60    00000088     mqtt_release.a : client_core.oem4 (.text:wrConnectPayload)
                  0100fae8    00000086     rtsv7M4_T_le_eabi.lib : fd_cmp_t2.asm.obj (.text:__aeabi_cdcmple)
                  0100fb6e    00000086                           : fd_cmp_t2.asm.obj (.text:__aeabi_cdrcmple)
                  0100fbf4    00000084     drivers_cc32xx.aem4 : PowerCC32XX.oem4 (.text:Power_init)
                  0100fc78    00000084     slnetifwifi.a : slnetifwifi.obj (.text:SlNetIfWifi_sockstartSec)
                  0100fcfc    00000084     slnetsock_release.a : slnetutils.oem4 (.text:SlNetUtil_getHostByName)
                  0100fd80    00000084     mqtt_release.a : client_core.oem4 (.text:mqpSetupProcCtxDataRecv)
                  0100fe04    00000084     drivers_cc32xx.aem4 : PowerCC32XX.oem4 (.text:saveNVICRegs)
                  0100fe88    00000084     simplelink.a : sl_socket.obj (.text:sl_SetSockOpt)
                  0100ff0c    00000084     freertos_builds_CC3220SF_LAUNCHXL_release_ccs.lib : timers.obj (.text:xTimerGenericCommand)
                  0100ff90    00000080     drivers_cc32xx.aem4 : PowerCC32XX.oem4 (.text:Power_setDependency)
                  01010010    00000080                         : UARTCC32XXDMA.oem4 (.text:UARTCC32XXDMA_read)
                  01010090    00000080     mqtt_release.a : client_core.oem4 (.text:clCtxPartSend)
                  01010110    00000080     freertos_builds_CC3220SF_LAUNCHXL_release_ccs.lib : timers.obj (.text:prvProcessExpiredTimer)
                  01010190    0000007c     drivers_cc32xx.aem4 : UDMACC32XX.oem4 (.text:UDMACC32XX_open)
                  0101020c    0000007c     mqtt_release.a : client_core.oem4 (.text:procCtxDataRecv)
                  01010288    0000007a     drivers_cc32xx.aem4 : UARTCC32XXDMA.oem4 (.text:UARTCC32XXDMA_readPolling)
                  01010302    0000007a     freertos_builds_CC3220SF_LAUNCHXL_release_ccs.lib : pthread.obj (.text:removeThreadKeys)
                  0101037c    0000007a     rtsv7M4_T_le_eabi.lib : memset_t2.asm.obj (.text)
                  010103f6    0000007a     freertos_builds_CC3220SF_LAUNCHXL_release_ccs.lib : tasks.obj (.text:xTaskCreate)
                  01010470    00000078     mqtt_release.a : mqtt_net_func.oem4 (.text:MQTTNet_recvFrom)
                  010104e8    00000078     mqtt_client_app.obj (.text:Mqtt_ClientStop)
                  01010560    00000078     rtsv7M4_T_le_eabi.lib : vla_alloc.c.obj (.text:_ZN33_INTERNAL_11_vla_alloc_c_be8bd49b21free_dead_allocationsEPv)
                  010105d8    00000078                           : vla_alloc.c.obj (.text:__vla_dealloc)
                  01010650    00000078     freertos_builds_CC3220SF_LAUNCHXL_release_ccs.lib : timers.obj (.text:prvInsertTimerInActiveList)
                  010106c8    00000078     simplelink.a : sl_socket.obj (.text:sl_Socket)
                  01010740    00000078     star.obj (.text:timerCallbackDebug)
                  010107b8    00000074     mqtt_release.a : mqtt_net_func.oem4 (.text:MQTTNet_tcpAccept)
                  0101082c    00000074     network_if.obj (.text:Network_IF_IpConfigGet)
                  010108a0    00000074     slnetsock_release.a : slnetsock.oem4 (.text:SlNetSock_AllocVirtualSocket)
                  01010914    00000074     mqtt_release.a : client_core.oem4 (.text:groupCtxsRxPrep)
                  01010988    00000074     freertos_builds_CC3220SF_LAUNCHXL_release_ccs.lib : tasks.obj (.text:prvInitialiseTaskLists)
                  010109fc    00000074                                                       : pthread_mutex.obj (.text:pthread_mutex_init)
                  01010a70    00000074                                                       : port.obj (.text:vPortValidateInterruptPriority)
                  01010ae4    00000072     mqtt_release.a : mqtt_common.oem4 (.text:MQTT_packetProcPubRx)
                  01010b56    00000002     --HOLE-- [fill = 0]
                  01010b58    00000070     simplelink.a : driver.obj (.text:_SlDrvCmdSend_noLock)
                  01010bc8    00000070     freertos_builds_CC3220SF_LAUNCHXL_release_ccs.lib : ClockP_freertos.obj (.text:setClockObjTimeout)
                  01010c38    0000006e     rtsv7M4_T_le_eabi.lib : _printfi.c.obj (.text:_mcpy)
                  01010ca6    00000002     --HOLE-- [fill = 0]
                  01010ca8    0000006c     mqtt_release.a : mqttclient.oem4 (.text:MQTTClient_run)
                  01010d14    0000006c     slnetsock_release.a : slnetutils.oem4 (.text:SlNetUtil_str2BinIpV4)
                  01010d80    0000006c     simplelink.a : device.obj (.text:_SlDeviceHandleResetRequestInternally)
                  01010dec    0000006c                  : sl_socket.obj (.text:_SlDrvOpenCtrlSocket)
                  01010e58    0000006c                  : netapp.obj (.text:_SlNetAppSendTokenValue)
                  01010ec4    0000006a     mqtt_release.a : mqtt_net_func.oem4 (.text:MQTTNet_sendTo)
                  01010f2e    0000006a     freertos_builds_CC3220SF_LAUNCHXL_release_ccs.lib : queue.obj (.text:xQueueGenericCreate)
                  01010f98    00000068     mqtt_release.a : mqtt_common.oem4 (.text:MQTT_qos2PubCqUnlog)
                  01011000    00000068     simplelink.a : driver.obj (.text:_SlSpawnMsgListGetCount)
                  01011068    00000068     rtsv7M4_T_le_eabi.lib : copy_decompress_lzss.c.obj (.text:decompress:lzss:__TI_decompress_lzss)
                  010110d0    00000068     simplelink.a : cc_pal.obj (.text:spi_Open)
                  01011138    00000066     freertos_builds_CC3220SF_LAUNCHXL_release_ccs.lib : timers.obj (.text:prvInitialiseNewTimer)
                  0101119e    00000066                                                       : memory.obj (.text:realloc)
                  01011204    00000066                                                       : list.obj (.text:vListInsert)
                  0101126a    00000002     --HOLE-- [fill = 0]
                  0101126c    00000064                                                       : ClockP_freertos.obj (.text:ClockP_stop)
                  010112d0    00000064     mqtt_release.a : mqtt_common.oem4 (.text:MQTT_packetPubAppendTopic)
                  01011334    00000064     drivers_cc32xx.aem4 : PowerCC32XX.oem4 (.text:PowerCC32XX_setParkState)
                  01011398    00000064     freertos_builds_CC3220SF_LAUNCHXL_release_ccs.lib : pthread_mutex.obj (.text:acquireMutex)
                  010113fc    00000064     mqtt_release.a : client_core.oem4 (.text:clientReset)
                  01011460    00000064                    : client_core.oem4 (.text:doNetClose)
                  010114c4    00000064     freertos_builds_CC3220SF_LAUNCHXL_release_ccs.lib : tasks.obj (.text:prvGetExpectedIdleTime)
                  01011528    00000060                                                       : HwiPCC32XX_freertos.obj (.text:HwiP_create)
                  01011588    00000060     driverlib.a : prcm.obj (.text:PRCMSysResetCauseGet)
                  010115e8    00000060     slnetsock_release.a : slnetsock.oem4 (.text:SlNetSock_recvFrom)
                  01011648    00000060                         : slnetsock.oem4 (.text:SlNetSock_sendTo)
                  010116a8    00000060     drivers_cc32xx.aem4 : UARTCC32XXDMA.oem4 (.text:UARTCC32XXDMA_control)
                  01011708    00000060     freertos_builds_CC3220SF_LAUNCHXL_release_ccs.lib : pthread_mutex.obj (.text:pthread_mutex_unlock)
                  01011768    0000005e     slnetifwifi.a : slnetifwifi.obj (.text:SlNetIfWifi_setSockOpt)
                  010117c6    0000005e     freertos_builds_CC3220SF_LAUNCHXL_release_ccs.lib : semaphore.obj (.text:sem_timedwait)
                  01011824    0000005c     mqtt_release.a : client_core.oem4 (.text:MQTTClientCore_exitLib)
                  01011880    0000005c                    : mqtt_net_func.oem4 (.text:MQTTNet_tcpListen)
                  010118dc    0000005c     simplelink.a : spawn.obj (.text:_SlInternalSpawn)
                  01011938    0000005c     freertos_builds_CC3220SF_LAUNCHXL_release_ccs.lib : memory.obj (.text:calloc)
                  01011994    0000005c     rtsv7M4_T_le_eabi.lib : s_frexp.c.obj (.text:frexp)
                  010119f0    0000005c     freertos_builds_CC3220SF_LAUNCHXL_release_ccs.lib : tasks.obj (.text:prvIdleTask)
                  01011a4c    0000005c                                                       : pthread.obj (.text:pthread_exit)
                  01011aa8    0000005c                                                       : queue.obj (.text:vQueueWaitForMessageRestricted)
                  01011b04    0000005c                                                       : tasks.obj (.text:vTaskDelay)
                  01011b60    00000058     driverlib.a : interrupt.obj (.text:IntPendClear)
                  01011bb8    00000058                 : prcm.obj (.text:PRCMPeripheralReset)
                  01011c10    00000058     drivers_cc32xx.aem4 : PowerCC32XX.oem4 (.text:Power_releaseDependency)
                  01011c68    00000058     slnetsock_release.a : slnetsock.oem4 (.text:SlNetSock_recv)
                  01011cc0    00000058                         : slnetsock.oem4 (.text:SlNetSock_send)
                  01011d18    00000058     simplelink.a : sl_socket.obj (.text:_SlDrvClearCtrlSocket)
                  01011d70    00000058     mqtt_release.a : client_core.oem4 (.text:clRecv)
                  01011dc8    00000058     freertos_builds_CC3220SF_LAUNCHXL_release_ccs.lib : tasks.obj (.text:eTaskConfirmSleepModeStatus)
                  01011e20    00000058     mqtt_release.a : client_core.oem4 (.text:singleCtxKaSequence)
                  01011e78    00000058     simplelink.a : sl_socket.obj (.text:sl_Listen)
                  01011ed0    00000058                  : eventreg.obj (.text:sl_RegisterLibsEventHandler)
                  01011f28    00000058     star.obj (.text:timerCallback)
                  01011f80    00000058     freertos_builds_CC3220SF_LAUNCHXL_release_ccs.lib : port.obj (.text:vPortSetupTimerInterrupt)
                  01011fd8    00000058                                                       : queue.obj (.text:xQueueCreateCountingSemaphore)
                  01012030    00000058                                                       : queue.obj (.text:xQueueTakeMutexRecursive)
                  01012088    00000056     mqtt_release.a : mqtt_common.oem4 (.text:MQTT_packetPubAppendData)
                  010120de    00000056     freertos_builds_CC3220SF_LAUNCHXL_release_ccs.lib : SemaphoreP_freertos.obj (.text:SemaphoreP_create)
                  01012134    00000056     rtsv7M4_T_le_eabi.lib : _printfi.c.obj (.text:_pconv_f)
                  0101218a    00000056     mqtt_release.a : client_core.oem4 (.text:procAckMsgRx)
                  010121e0    00000054     freertos_builds_CC3220SF_LAUNCHXL_release_ccs.lib : ClockP_freertos.obj (.text:ClockP_delete)
                  01012234    00000054     uart_term.obj (.text:InitTerm)
                  01012288    00000054     driverlib.a : interrupt.obj (.text:IntPrioritySet)
                  010122dc    00000054     mqtt_release.a : client_core.oem4 (.text:MQTTClientCore_deleteCtx)
                  01012330    00000054                    : client_core.oem4 (.text:MQTTClientCore_sendDisconn)
                  01012384    00000054     simplelink.a : driver.obj (.text:_SlDrvRxIrqHandler)
                  010123d8    00000054     mqtt_release.a : client_core.oem4 (.text:grpNetSetupCreate)
                  0101242c    00000054     rtsv7M4_T_le_eabi.lib : ltoa.c.obj (.text:ltoa)
                  01012480    00000054     freertos_builds_CC3220SF_LAUNCHXL_release_ccs.lib : timers.obj (.text:xTimerCreateTimerTask)
                  010124d4    00000052     drivers_cc32xx.aem4 : PowerCC32XX_asm.oem4 (.text:PowerCC32XX_resumeLPDS)
                  01012526    00000052     rtsv7M4_T_le_eabi.lib : _printfi.c.obj (.text:_ecpy)
                  01012578    00000050     simplelink.a : cc_pal.obj (.text:NwpRegisterInterruptHandler)
                  010125c8    00000050     slnetsock_release.a : slnetif.oem4 (.text:SlNetIf_queryIf)
                  01012618    00000050     drivers_cc32xx.aem4 : UARTCC32XXDMA.oem4 (.text:UARTCC32XXDMA_writePolling)
                  01012668    00000050     simplelink.a : sl_socket.obj (.text:_SlDrvCloseCtrlSocket)
                  010126b8    00000050                  : driver.obj (.text:_SlDrvCmdSend_noWait)
                  01012708    00000050                  : driver.obj (.text:_SlDrvUpdateApiInProgress)
                  01012758    00000050                  : spawn.obj (.text:_SlInternalSpawnTaskEntry)
                  010127a8    00000050                  : eventreg.obj (.text:_SlNetAppHttpServerHdlr)
                  010127f8    00000050                  : eventreg.obj (.text:_SlNetAppRequestHdlr)
                  01012848    00000050     mqtt_release.a : client_core.oem4 (.text:_procAckMsgRx)
                  01012898    00000050     freertos_builds_CC3220SF_LAUNCHXL_release_ccs.lib : port.obj (.text:pxPortInitialiseStack)
                  010128e8    00000050                                                       : semaphore.obj (.text:sem_init)
                  01012938    00000050                                                       : queue.obj (.text:xQueueGiveMutexRecursive)
                  01012988    0000004e     mqtt_release.a : client_core.oem4 (.text:MQTTClientCore_registerWillInfo)
                  010129d6    0000004e     drivers_cc32xx.aem4 : UARTCC32XXDMA.oem4 (.text:writeCancel)
                  01012a24    0000004c     simplelink.a : cc_pal.obj (.text:NwpWaitForShutDownInd)
                  01012a70    0000004c     drivers_cc32xx.aem4 : PowerCC32XX.oem4 (.text:PowerCC32XX_parkPin)
                  01012abc    0000004c     slnetifwifi.a : slnetifwifi.obj (.text:SlNetIfWifi_getConnectionStatus)
                  01012b08    0000004c     slnetsock_release.a : slnetsock.oem4 (.text:SlNetSock_freeVirtualSocket)
                  01012b54    0000004c                         : slnetsock.oem4 (.text:SlNetSock_startSec)
                  01012ba0    0000004c     mqtt_release.a : client_core.oem4 (.text:ack1WlMqpDispatch)
                  01012bec    0000004c     rtsv7M4_T_le_eabi.lib : atoi.c.obj (.text:atoi)
                  01012c38    0000004c     freertos_builds_CC3220SF_LAUNCHXL_release_ccs.lib : startup_cc32xx_ccs.obj (.text:initVectors)
                  01012c84    0000004c     mqtt_release.a : client_core.oem4 (.text:loopbTrigger)
                  01012cd0    0000004c     freertos_builds_CC3220SF_LAUNCHXL_release_ccs.lib : timers.obj (.text:prvCheckForValidListAndQueue)
                  01012d1c    0000004c                                                       : tasks.obj (.text:prvCheckTasksWaitingTermination)
                  01012d68    0000004c     drivers_cc32xx.aem4 : PowerCC32XX.oem4 (.text:restorePeriphClocks)
                  01012db4    0000004c     mqtt_release.a : client_core.oem4 (.text:singleCtxRxPrep)
                  01012e00    0000004c     simplelink.a : wlan.obj (.text:sl_WlanSetMode)
                  01012e4c    0000004c     rtsv7M4_T_le_eabi.lib : snprintf.c.obj (.text:snprintf)
                  01012e98    0000004c     freertos_builds_CC3220SF_LAUNCHXL_release_ccs.lib : port.obj (.text:vPortEnterCritical)
                  01012ee4    0000004a     mqtt_release.a : client_core.oem4 (.text:clCtxRecv)
                  01012f2e    0000004a     drivers_cc32xx.aem4 : UARTCC32XXDMA.oem4 (.text:readCancel)
                  01012f78    00000048     driverlib.a : flash.obj (.text:FlashDisable)
                  01012fc0    00000048     freertos_builds_CC3220SF_LAUNCHXL_release_ccs.lib : HwiPCC32XX_freertos.obj (.text:HwiP_dispatch)
                  01013008    00000048     mqtt_release.a : mqttclient.oem4 (.text:MQTTClient_set)
                  01013050    00000048     driverlib.a : prcm.obj (.text:PRCMLPDSEnter)
                  01013098    00000048                 : prcm.obj (.text:PRCMPeripheralClkEnable)
                  010130e0    00000048     drivers_cc32xx.aem4 : PowerCC32XX.oem4 (.text:Power_releaseConstraint)
                  01013128    00000048     slnetsock_release.a : slnetsock.oem4 (.text:SlNetSock_connect)
                  01013170    00000048                         : slnetsock.oem4 (.text:SlNetSock_init)
                  010131b8    00000048                         : slnetsock.oem4 (.text:SlNetSock_setOpt)
                  01013200    00000048     simplelink.a : eventreg.obj (.text:_SlDeviceFatalErrorEvtHdlr)
                  01013248    00000048                  : eventreg.obj (.text:_SlDeviceGeneralEvtHdlr)
                  01013290    00000048                  : driver.obj (.text:_SlDrvBasicCmd)
                  010132d8    00000048                  : driver.obj (.text:_SlDrvSyncObjWaitTimeout)
                  01013320    00000048                  : eventreg.obj (.text:_SlNetAppEvtHdlr)
                  01013368    00000048                  : eventreg.obj (.text:_SlNetAppRequestMemFree)
                  010133b0    00000048                  : eventreg.obj (.text:_SlSockEvtHdlr)
                  010133f8    00000048                  : eventreg.obj (.text:_SlWlanEvtHdlr)
                  01013440    00000048     mqtt_release.a : client_core.oem4 (.text:bufUTF8WrTry)
                  01013488    00000048                    : client_core.oem4 (.text:clCtxSetup)
                  010134d0    00000048     jsonFormat.obj (.text:jsoneq)
                  01013518    00000048     rtsv7M4_T_le_eabi.lib : fd_toi_t2.asm.obj (.text)
                  01013560    00000048     freertos_builds_CC3220SF_LAUNCHXL_release_ccs.lib : sleep.obj (.text:sleep)
                  010135a8    00000048                                                       : list.obj (.text:uxListRemove)
                  010135f0    00000048     mqtt_release.a : client_core.oem4 (.text:wrConnectVh)
                  01013638    00000044                    : client_core.oem4 (.text:MQTTClientCore_run)
                  0101367c    00000044                    : mqtt_net_func.oem4 (.text:MQTTNet_tcpRecv)
                  010136c0    00000044                    : mqttclient.oem4 (.text:MqttClientCtxDelete)
                  01013704    00000044     driverlib.a : prcm.obj (.text:PRCMLPDSRestoreInfoSet)
                  01013748    00000044     drivers_cc32xx.aem4 : PowerCC32XX_asm.oem4 (.text:PowerCC32XX_enterLPDS)
                  0101378c    00000044                         : SPI.oem4 (.text:SPI_init)
                  010137d0    00000044     slnetsock_release.a : slnetutils.oem4 (.text:SlNetUtil_strTok)
                  01013814    00000044     drivers_cc32xx.aem4 : UART.oem4 (.text:UART_init)
                  01013858    00000044     rtsv7M4_T_le_eabi.lib : autoinit.c.obj (.text:__TI_auto_init_nobinit_nopinit:__TI_auto_init_nobinit_nopinit)
                  0101389c    00000044     freertos_builds_CC3220SF_LAUNCHXL_release_ccs.lib : queue.obj (.text:prvInitialiseNewQueue)
                  010138e0    00000044                                                       : tasks.obj (.text:vTaskStepTick)
                  01013924    00000044     mqtt_release.a : client_core.oem4 (.text:vhMsgSend)
                  01013968    00000042                    : mqtt_common.oem4 (.text:MQTT_packetBufRdRemlen)
                  010139aa    00000042     freertos_builds_CC3220SF_LAUNCHXL_release_ccs.lib : memory.obj (.text:malloc)
                  010139ec    00000040     simplelink.a : sl_socket.obj (.text:CountSetBits)
                  01013a2c    00000040     network_if.obj (.text:InitializeAppVariables)
                  01013a6c    00000040     mqtt_release.a : client_core.oem4 (.text:MQTTClientCore_registerCtxInfo)
                  01013aac    00000040     mqtt_client_app.obj (.text:Mqtt_Stop)
                  01013aec    00000040     driverlib.a : pin.obj (.text:PinModeSet)
                  01013b2c    00000040     drivers_cc32xx.aem4 : SPI.oem4 (.text:SPI_open)
                  01013b6c    00000040     slnetsock_release.a : slnetsock.oem4 (.text:SlNetSock_bind)
                  01013bac    00000040                         : slnetsock.oem4 (.text:SlNetSock_secAttribSet)
                  01013bec    00000040     drivers_cc32xx.aem4 : UART.oem4 (.text:UART_open)
                  01013c2c    00000040                         : UDMACC32XX.oem4 (.text:UDMACC32XX_init)
                  01013c6c    00000040     simplelink.a : driver.obj (.text:_SlDrvGlobalObjUnLock)
                  01013cac    00000040                  : driver.obj (.text:_SlFindAndReleasePendingCmd)
                  01013cec    00000040                  : spawn.obj (.text:_SlInternalSpawnWaitForEvent)
                  01013d2c    00000040                  : eventreg.obj (.text:_SlIsEventRegistered)
                  01013d6c    00000040     freertos_builds_CC3220SF_LAUNCHXL_release_ccs.lib : aeabi_portable.obj (.text:__aeabi_errno_addr)
                  01013dac    00000040     mqtt_release.a : mqttclient.oem4 (.text:_sl_ExtLib_ServerAckLockedWait)
                  01013dec    00000040     jsonFormat.obj (.text:jsmn_alloc_token)
                  01013e2c    00000040     mqtt_release.a : client_core.oem4 (.text:netConnect)
                  01013e6c    00000040     freertos_builds_CC3220SF_LAUNCHXL_release_ccs.lib : tasks.obj (.text:vTaskPlaceOnEventListRestricted)
                  01013eac    0000003e                                                       : ClockP_freertos.obj (.text:ClockP_callbackFxn)
                  01013eea    0000003e     mqtt_release.a : mqtt_common.oem4 (.text:MQTT_packetAckWlistRemove)
                  01013f28    0000003e                    : mqtt_common.oem4 (.text:MQTT_packetBufTailWrRemlen)
                  01013f66    0000003e     slnetsock_release.a : slnetsock.oem4 (.text:SlNetSock_close)
                  01013fa4    0000003e     simplelink.a : sl_socket.obj (.text:_SlSocketBuildAddress)
                  01013fe2    0000003e     rtsv7M4_T_le_eabi.lib : _printfi.c.obj (.text:_fcpy)
                  01014020    0000003e     mqtt_release.a : client_core.oem4 (.text:clCtxSeg1Send)
                  0101405e    0000003e                    : client_core.oem4 (.text:procPingrspRx)
                  0101409c    0000003e     freertos_builds_CC3220SF_LAUNCHXL_release_ccs.lib : pthread.obj (.text:pthread_setcancelstate)
                  010140da    0000003e                                                       : semaphore.obj (.text:sem_post)
                  01014118    0000003c     mqtt_release.a : client_core.oem4 (.text:MQTTClientCore_registerBuffers)
                  01014154    0000003c                    : mqttclient.oem4 (.text:MQTTClient_disconnect)
                  01014190    0000003c                    : mqtt_common.oem4 (.text:MQTT_qos2PubCqCheck)
                  010141cc    0000003c     network_if.obj (.text:Network_IF_DisconnectFromAP)
                  01014208    0000003c     driverlib.a : prcm.obj (.text:PRCMSlowClkCtrFastGet)
                  01014244    0000003c     drivers_cc32xx.aem4 : PowerCC32XX.oem4 (.text:Power_setConstraint)
                  01014280    0000003c     simplelink.a : netapp.obj (.text:_SlNetAppCopyPingResultsToReport)
                  010142bc    0000003c     mqtt_release.a : mqttclient.oem4 (.text:processDisconnCB)
                  010142f8    0000003c     freertos_builds_CC3220SF_LAUNCHXL_release_ccs.lib : queue.obj (.text:prvCopyDataFromQueue)
                  01014334    0000003c                                                       : tasks.obj (.text:prvResetNextTaskUnblockTime)
                  01014370    0000003c                                                       : tasks.obj (.text:pvTaskGetThreadLocalStoragePointer)
                  010143ac    0000003c     mqtt_release.a : client_core.oem4 (.text:singleCtxRxPrepLocked)
                  010143e8    0000003c     uart_term.obj (.text:stop_all)
                  01014424    0000003c     mqtt_release.a : client_core.oem4 (.text:tailIncorpMsgID)
                  01014460    0000003c     simplelink.a : sl_socket.obj (.text:to_mSec)
                  0101449c    0000003c     freertos_builds_CC3220SF_LAUNCHXL_release_ccs.lib : sleep.obj (.text:usleep)
                  010144d8    0000003c                                                       : list.obj (.text:vListInsertEnd)
                  01014514    0000003c                                                       : timers.obj (.text:xTimerCreate)
                  01014550    0000003a     slnetifwifi.a : slnetifwifi.obj (.text:SlNetIfWifi_getIPAddr)
                  0101458a    0000003a     mqtt_release.a : mqtt_common.oem4 (.text:mqpProcVhMsgIdRx)
                  010145c4    00000038                    : client_core.oem4 (.text:MQTTClientCore_registerNetSvc)
                  010145fc    00000038                    : mqtt_common.oem4 (.text:MQTT_qos2PubCqLogup)
                  01014634    00000038     driverlib.a : prcm.obj (.text:PRCMLPDSEnterKeepDebugIf)
                  0101466c    00000038     slnetifwifi.a : slnetifwifi.obj (.text:SlNetIfWifi_recvFrom)
                  010146a4    00000038                   : slnetifwifi.obj (.text:SlNetIfWifi_sendTo)
                  010146dc    00000038                   : slnetifwifi.obj (.text:SlNetIfWifi_socket)
                  01014714    00000038     slnetsock_release.a : slnetif.oem4 (.text:SlNetIf_configCheck)
                  0101474c    00000038                         : slnetsock.oem4 (.text:SlNetSock_listen)
                  01014784    00000038                         : slnetutils.oem4 (.text:SlNetUtil_htonl)
                  010147bc    00000038     mqtt_release.a : client_core.oem4 (.text:mqpAllocAtomic)
                  010147f4    00000038                    : client_core.oem4 (.text:netRecv)
                  0101482c    00000038     drivers_cc32xx.aem4 : PowerCC32XX.oem4 (.text:notify)
                  01014864    00000038     freertos_builds_CC3220SF_LAUNCHXL_release_ccs.lib : timers.obj (.text:prvGetNextExpireTime)
                  0101489c    00000038                                                       : port.obj (.text:prvTaskExitError)
                  010148d4    00000038     drivers_cc32xx.aem4 : UARTCC32XXDMA.oem4 (.text:startTxFifoEmptyClk)
                  0101490c    00000036     mqtt_release.a : mqtt_common.oem4 (.text:MQTT_packetPrepFh)
                  01014942    00000036     slnetifwifi.a : slnetifwifi.obj (.text:SlNetIfWifi_getHostByName)
                  01014978    00000036                   : slnetifwifi.obj (.text:SlNetIfWifi_select)
                  010149ae    00000036     mqtt_release.a : client_core.oem4 (.text:_procPubRecRx)
                  010149e4    00000036     jsonFormat.obj (.text:packageRoverJSON)
                  01014a1a    00000036     rtsv7M4_T_le_eabi.lib : strncpy.c.obj (.text:strncpy)
                  01014a50    00000034     driverlib.a : pin.obj (.text:PinModeGet)
                  01014a84    00000034     drivers_cc32xx.aem4 : PowerCC32XX.oem4 (.text:PowerCC32XX_restoreParkState)
                  01014ab8    00000034     freertos_builds_CC3220SF_LAUNCHXL_release_ccs.lib : SemaphoreP_freertos.obj (.text:SemaphoreP_pend)
                  01014aec    00000034     slnetsock_release.a : slnetutils.oem4 (.text:SlNetUtil_htons)
                  01014b20    00000034     drivers_cc32xx.aem4 : UDMACC32XX.oem4 (.text:UDMACC32XX_close)
                  01014b54    00000034     mqtt_release.a : client_core.oem4 (.text:groupCtxsKaSequence)
                  01014b88    00000034                    : client_core.oem4 (.text:mqpFreeLocked)
                  01014bbc    00000034                    : client_core.oem4 (.text:procLoopbackRecv)
                  01014bf0    00000034     freertos_builds_CC3220SF_LAUNCHXL_release_ccs.lib : timers.obj (.text:prvSampleTimeNow)
                  01014c24    00000034                                                       : tasks.obj (.text:vTaskPlaceOnEventList)
                  01014c58    00000034                                                       : tasks.obj (.text:vTaskSetThreadLocalStoragePointer)
                  01014c8c    00000034     drivers_cc32xx.aem4 : UARTCC32XXDMA.oem4 (.text:writeFinishedDoCallback)
                  01014cc0    00000032     mqtt_release.a : mqtt_common.oem4 (.text:MQTT_clCtxTimeoutInsert)
                  01014cf2    00000032                    : client_core.oem4 (.text:connectedStateRx)
                  01014d24    00000030     drivers_cc32xx.aem4 : PowerCC32XX.oem4 (.text:PowerCC32XX_restoreParkedPin)
                  01014d54    00000030     simplelink.a : fs.obj (.text:_SlFsStrlen)
                  01014d84    00000030     rtsv7M4_T_le_eabi.lib : snprintf.c.obj (.text:_outs)
                  01014db4    00000030     mqtt_release.a : client_core.oem4 (.text:ack2MsgIdUnlog)
                  01014de4    00000030                    : client_core.oem4 (.text:clientDescInit)
                  01014e14    00000030                    : mqttclient.oem4 (.text:getAvailableClictxMem)
                  01014e44    00000030     mqtt_queue.obj (.text:sendToPubQ)
                  01014e74    00000030     freertos_builds_CC3220SF_LAUNCHXL_release_ccs.lib : list.obj (.text:vListInitialise)
                  01014ea4    00000030                                                       : port.obj (.text:vPortExitCritical)
                  01014ed4    00000030                                                       : tasks.obj (.text:xTaskGetSchedulerState)
                  01014f04    0000002e     simplelink.a : cc_pal.obj (.text:Mutex_create_handle)
                  01014f32    0000002e     freertos_builds_CC3220SF_LAUNCHXL_release_ccs.lib : timers.obj (.text:pvTimerGetTimerID)
                  01014f60    0000002e     rtsv7M4_T_le_eabi.lib : i_tofd_t2.asm.obj (.text)
                  01014f8e    00000002     --HOLE-- [fill = 0]
                  01014f90    0000002c     freertos_builds_CC3220SF_LAUNCHXL_release_ccs.lib : HwiPCC32XX_freertos.obj (.text:HwiP_disable)
                  01014fbc    0000002c     simplelink.a : cc_pal.obj (.text:NwpPowerOn)
                  01014fe8    0000002c     driverlib.a : prcm.obj (.text:PRCMLPDSIntervalSet)
                  01015014    0000002c     drivers_cc32xx.aem4 : PowerCC32XX.oem4 (.text:PowerCC32XX_getParkState)
                  01015040    0000002c     freertos_builds_CC3220SF_LAUNCHXL_release_ccs.lib : SemaphoreP_freertos.obj (.text:SemaphoreP_createBinary)
                  0101506c    0000002c     slnetifwifi.a : slnetifwifi.obj (.text:SlNetIfWifi_recv)
                  01015098    0000002c                   : slnetifwifi.obj (.text:SlNetIfWifi_send)
                  010150c4    0000002c     simplelink.a : driver.obj (.text:_SlDrvSyncObjWaitForever)
                  010150f0    0000002c     mqtt_release.a : client_core.oem4 (.text:doNetCloseRx)
                  0101511c    0000002c     jsonFormat.obj (.text:jsmn_fill_token)
                  01015148    0000002c     freertos_builds_CC3220SF_LAUNCHXL_release_ccs.lib : pthread_mutex.obj (.text:pthread_mutexattr_settype)
                  01015174    0000002c     mqtt_release.a : client_core.oem4 (.text:singleCtxAdjWaitSecsGet)
                  010151a0    0000002c     rtsv7M4_T_le_eabi.lib : strncmp.c.obj (.text:strncmp)
                  010151cc    0000002c     freertos_builds_CC3220SF_LAUNCHXL_release_ccs.lib : tasks.obj (.text:vTaskSetApplicationTaskTag)
                  010151f8    0000002c                                                       : port.obj (.text:xPortSysTickHandler)
                  01015224    0000002c                                                       : queue.obj (.text:xQueueCreateMutex)
                  01015250    0000002a     slnetsock_release.a : slnetutils.oem4 (.text:SlNetUtil_inetPton)
                  0101527a    0000002a     drivers_cc32xx.aem4 : UARTCC32XXDMA.oem4 (.text:UARTCC32XXDMA_readCancel)
                  010152a4    0000002a                         : UARTCC32XXDMA.oem4 (.text:UARTCC32XXDMA_writeCancel)
                  010152ce    0000002a     mqtt_release.a : client_core.oem4 (.text:ack2MsgIdDispatch)
                  010152f8    0000002a                    : client_core.oem4 (.text:pingReqSend)
                  01015322    0000002a     freertos_builds_CC3220SF_LAUNCHXL_release_ccs.lib : queue.obj (.text:prvInitialiseMutex)
                  0101534c    0000002a     mqtt_release.a : client_core.oem4 (.text:txPartSetup)
                  01015376    0000002a     freertos_builds_CC3220SF_LAUNCHXL_release_ccs.lib : queue.obj (.text:uxQueueMessagesWaiting)
                  010153a0    00000028                                                       : HwiPCC32XX_freertos.obj (.text:HwiP_inISR)
                  010153c8    00000028     mqtt_release.a : mqtt_common.oem4 (.text:MQTT_packetBufWrUtf8)
                  010153f0    00000028     driverlib.a : prcm.obj (.text:PRCMLPDSWakeupSourceEnable)
                  01015418    00000028                 : prcm.obj (.text:PRCMPeripheralClkDisable)
                  01015440    00000028     drivers_cc32xx.aem4 : PowerCC32XX.oem4 (.text:Power_registerNotify)
                  01015468    00000028     slnetsock_release.a : slnetif.oem4 (.text:SlNetIf_getIfByID)
                  01015490    00000028                         : slnetsock.oem4 (.text:SlNetSock_sdsIsSet)
                  010154b8    00000028                         : slnetsock.oem4 (.text:SlNetSock_sdsSet)
                  010154e0    00000028                         : slnetsock.oem4 (.text:SlNetSock_secAttribDelete)
                  01015508    00000028     simplelink.a : driver.obj (.text:_SlDrvProtectionObjLockWaitForever)
                  01015530    00000028                  : driver.obj (.text:_SlDrvProtectionObjUnLock)
                  01015558    00000028                  : flowcont.obj (.text:_SlFlowContSet)
                  01015580    00000028     mqtt_release.a : client_core.oem4 (.text:_procPubRelRx)
                  010155a8    00000028                    : mqttclient.oem4 (.text:_sl_ExtLib_AwaitedAckLockedSet)
                  010155d0    00000028     freertos_builds_CC3220SF_LAUNCHXL_release_ccs.lib : pthread.obj (.text:pthread_attr_setschedparam)
                  010155f8    00000028                                                       : semaphore.obj (.text:sem_trywait)
                  01015620    00000028                                                       : tasks.obj (.text:xTaskGetApplicationTaskTag)
                  01015648    00000026     drivers_cc32xx.aem4 : List.oem4 (.text:List_put)
                  0101566e    00000026                         : List.oem4 (.text:List_remove)
                  01015694    00000026     mqtt_release.a : mqtt_common.oem4 (.text:MQTT_clCtxRemove)
                  010156ba    00000026     freertos_builds_CC3220SF_LAUNCHXL_release_ccs.lib : pthread.obj (.text:_pthread_cleanup_pop)
                  010156e0    00000026                                                       : queue.obj (.text:prvIsQueueFull)
                  01015706    00000002     --HOLE-- [fill = 0]
                  01015708    00000024     driverlib.a : interrupt.obj (.text:IntUnregister)
                  0101572c    00000024     drivers_cc32xx.aem4 : PowerCC32XX.oem4 (.text:PowerCC32XX_reset)
                  01015750    00000024     slnetsock_release.a : slnetif.oem4 (.text:SlNetIf_getConnectionStatus)
                  01015774    00000024     simplelink.a : driver.obj (.text:_SlDrvIsApiInProgress)
                  01015798    00000024                  : driver.obj (.text:_SlDrvStartMeasureTimeout)
                  010157bc    00000024     rtsv7M4_T_le_eabi.lib : boot_cortex_m.c.obj (.text:_c_int00_noargs:_c_int00_noargs)
                  010157e0    00000024     mqtt_release.a : client_core.oem4 (.text:conn2usedCtxs)
                  01015804    00000024     rtsv7M4_T_le_eabi.lib : memmov.c.obj (.text:memmove)
                  01015828    00000024     freertos_builds_CC3220SF_LAUNCHXL_release_ccs.lib : queue.obj (.text:prvGetDisinheritPriorityAfterTimeout)
                  0101584c    00000024     mqtt_release.a : client_core.oem4 (.text:recvHvecLoad)
                  01015870    00000024     freertos_builds_CC3220SF_LAUNCHXL_release_ccs.lib : semaphore.obj (.text:sem_getvalue)
                  01015894    00000024     simplelink.a : wlan.obj (.text:sl_WlanDisconnect)
                  010158b8    00000024     freertos_builds_CC3220SF_LAUNCHXL_release_ccs.lib : queue.obj (.text:vQueueDelete)
                  010158dc    00000024                                                       : tasks.obj (.text:vTaskInternalSetTimeOutState)
                  01015900    00000022     mqtt_release.a : mqtt_common.oem4 (.text:MQTT_packetProcMsgIdAckRx)
                  01015922    00000022     freertos_builds_CC3220SF_LAUNCHXL_release_ccs.lib : SemaphoreP_freertos.obj (.text:SemaphoreP_post)
                  01015944    00000022                                                       : pthread.obj (.text:pthread_attr_setdetachstate)
                  01015966    00000002     --HOLE-- [fill = 0]
                  01015968    00000020                                                       : ClockP_freertos.obj (.text:ClockP_getCpuFreq)
                  01015988    00000020                                                       : HwiPCC32XX_freertos.obj (.text:HwiP_restore)
                  010159a8    00000020     driverlib.a : interrupt.obj (.text:IntRegister)
                  010159c8    00000020     mqtt_release.a : mqtt_common.oem4 (.text:MQTT_qos2PubCqReset)
                  010159e8    00000020     drivers_cc32xx.aem4 : PowerCC32XX.oem4 (.text:Power_unregisterNotify)
                  01015a08    00000020     slnetifwifi.a : slnetifwifi.obj (.text:SlNetIfWifi_accept)
                  01015a28    00000020     drivers_cc32xx.aem4 : SPICC32XXDMA.oem4 (.text:getPowerMgrId)
                  01015a48    00000020                         : UARTCC32XXDMA.oem4 (.text:getPowerMgrId)
                  01015a68    00000020     freertos_builds_CC3220SF_LAUNCHXL_release_ccs.lib : queue.obj (.text:prvIsQueueEmpty)
                  01015a88    00000020                                                       : semaphore.obj (.text:semaphorePend)
                  01015aa8    00000020     mqtt_queue.obj (.text:sendToSubArmSensorQ)
                  01015ac8    00000020     mqtt_queue.obj (.text:sendToSubRoverSensorQ)
                  01015ae8    00000020     mqtt_release.a : client_core.oem4 (.text:session311fix)
                  01015b08    0000001e     freertos_builds_CC3220SF_LAUNCHXL_release_ccs.lib : ClockP_freertos.obj (.text:ClockP_start)
                  01015b26    0000001e                                                       : HwiPCC32XX_freertos.obj (.text:HwiP_Params_init)
                  01015b44    0000001e     mqtt_release.a : client_core.oem4 (.text:MQTTClientCore_alloc)
                  01015b62    0000001e                    : client_core.oem4 (.text:MQTTClientCore_ctxRun)
                  01015b80    0000001e     slnetifwifi.a : slnetifwifi.obj (.text:SlNetIfWifi_bind)
                  01015b9e    0000001e                   : slnetifwifi.obj (.text:SlNetIfWifi_connect)
                  01015bbc    0000001e     simplelink.a : driver.obj (.text:_SlDrvObjLockWaitForever)
                  01015bda    0000001e                  : driver.obj (.text:_SlDrvObjUnLock)
                  01015bf8    0000001e                  : driver.obj (.text:_SlDrvSyncObjSignal)
                  01015c16    0000001e     freertos_builds_CC3220SF_LAUNCHXL_release_ccs.lib : pthread.obj (.text:_pthread_runStub)
                  01015c34    0000001e     jsonFormat.obj (.text:jsmn_init)
                  01015c52    0000001e     drivers_cc32xx.aem4 : UDMACC32XX.oem4 (.text:postNotifyFxn)
                  01015c70    0000001e     mqtt_release.a : client_core.oem4 (.text:procNetDataRecv)
                  01015c8e    0000001e                    : client_core.oem4 (.text:sessionDelete)
                  01015cac    0000001c     freertos_builds_CC3220SF_LAUNCHXL_release_ccs.lib : ClockP_freertos.obj (.text:ClockP_Params_init)
                  01015cc8    0000001c     uart_term.obj (.text:Message)
                  01015ce4    0000001c     driverlib.a : pin.obj (.text:PinToPadGet)
                  01015d00    0000001c     simplelink.a : device.obj (.text:_SlDeviceGetStartResponseConvert)
                  01015d1c    0000001c                  : spawn.obj (.text:_SlInternalIsItSpawnThread)
                  01015d38    0000001c     mqtt_release.a : client_core.oem4 (.text:awaitsPkts)
                  01015d54    0000001c                    : client_core.oem4 (.text:doNetCloseTx)
                  01015d70    0000001c     rtsv7M4_T_le_eabi.lib : memccpy.c.obj (.text:memccpy)
                  01015d8c    0000001c     mqtt_release.a : client_core.oem4 (.text:processRecv)
                  01015da8    0000001c     freertos_builds_CC3220SF_LAUNCHXL_release_ccs.lib : pthread.obj (.text:pthread_attr_init)
                  01015dc4    0000001c                                                       : pthread_mutex.obj (.text:pthread_mutexattr_init)
                  01015de0    0000001c                                                       : tasks.obj (.text:pvTaskIncrementMutexHeldCount)
                  01015dfc    0000001c     mqtt_release.a : client_core.oem4 (.text:usedCtxsTOSort)
                  01015e18    0000001a                    : mqtt_common.oem4 (.text:MQTT_packetAckWlistPurge)
                  01015e32    0000001a     freertos_builds_CC3220SF_LAUNCHXL_release_ccs.lib : PTLS.obj (.text:PTLS_taskDeleteHook)
                  01015e4c    0000001a     slnetifwifi.a : slnetifwifi.obj (.text:SlNetIfWifi_listen)
                  01015e66    0000001a     freertos_builds_CC3220SF_LAUNCHXL_release_ccs.lib : timers.obj (.text:prvTimerTask)
                  01015e80    0000001a                                                       : pthread_mutex.obj (.text:pthread_mutex_destroy)
                  01015e9a    00000018     mqtt_release.a : mqtt_common.oem4 (.text:MQTT_clCtxTimeoutUpdate)
                  01015eb2    00000002     --HOLE-- [fill = 0]
                  01015eb4    00000018     drivers_cc32xx.aem4 : PowerCC32XX.oem4 (.text:Power_idleFunc)
                  01015ecc    00000018     driverlib.a : uart.obj (.text:UARTBusy)
                  01015ee4    00000018     drivers_cc32xx.aem4 : UART.oem4 (.text:UART_Params_init)
                  01015efc    00000018     rtsv7M4_T_le_eabi.lib : snprintf.c.obj (.text:_outc)
                  01015f14    00000018     freertos_builds_CC3220SF_LAUNCHXL_release_ccs.lib : memory.obj (.text:free)
                  01015f2c    00000018     mqtt_release.a : client_core.oem4 (.text:groupCtxsAdjWaitSecsGet)
                  01015f44    00000018                    : client_core.oem4 (.text:netClCtxFind)
                  01015f5c    00000018     mqtt_queue.obj (.text:receiveFromPubQ)
                  01015f74    00000018     mqtt_queue.obj (.text:receiveFromSubArmSensorQ)
                  01015f8c    00000018     rtsv7M4_T_le_eabi.lib : ll_mul_t2.asm.obj (.text)
                  01015fa4    00000018     freertos_builds_CC3220SF_LAUNCHXL_release_ccs.lib : semaphore.obj (.text:sem_wait)
                  01015fbc    00000018     mqtt_queue.obj (.text:sendToSubArmQ)
                  01015fd4    00000018     mqtt_queue.obj (.text:sendToSubRoverQ)
                  01015fec    00000018     rtsv7M4_T_le_eabi.lib : strcmp.c.obj (.text:strcmp)
                  01016004    00000016     freertos_builds_CC3220SF_LAUNCHXL_release_ccs.lib : ClockP_freertos.obj (.text:ClockP_setTimeout)
                  0101601a    00000016     mqtt_release.a : mqtt_net_func.oem4 (.text:MQTTNet_commClose)
                  01016030    00000016                    : mqtt_common.oem4 (.text:MQTT_clCtxReset)
                  01016046    00000016                    : mqtt_common.oem4 (.text:MQTT_packetFree)
                  0101605c    00000016                    : mqtt_common.oem4 (.text:MQTT_packetInit)
                  01016072    00000016     driverlib.a : prcm.obj (.text:PRCMHIBRegRead)
                  01016088    00000016                 : prcm.obj (.text:PRCMHIBRegWrite)
                  0101609e    00000016     freertos_builds_CC3220SF_LAUNCHXL_release_ccs.lib : PTLS.obj (.text:PTLS_getBuf)
                  010160b4    00000016                                                       : PTLS.obj (.text:PTLS_setBuf)
                  010160ca    00000016                                                       : SemaphoreP_freertos.obj (.text:SemaphoreP_Params_init)
                  010160e0    00000016     simplelink.a : driver.obj (.text:_SlDrvMemZero)
                  010160f6    00000002     --HOLE-- [fill = 0]
                  010160f8    00000016     freertos_builds_CC3220SF_LAUNCHXL_release_ccs.lib : startup_cc32xx_ccs.obj (.text:resetISR)
                  0101610e    00000016     rtsv7M4_T_le_eabi.lib : strchr.c.obj (.text:strchr)
                  01016124    00000014     driverlib.a : cpu.obj (.text:CPUcpsie)
                  01016138    00000014                 : interrupt.obj (.text:IntVTableBaseSet)
                  0101614c    00000014     mqtt_release.a : mqttclient.oem4 (.text:MQTTClient_publish)
                  01016160    00000014                    : mqtt_net_func.oem4 (.text:MQTTNet_rtcSecs)
                  01016174    00000014                    : mqtt_common.oem4 (.text:MQTT_packetAckWlistAppend)
                  01016188    00000014                    : mqtt_common.oem4 (.text:MQTT_packetReset)
                  0101619c    00000014     mqtt_client_app.obj (.text:MqttClientThread)
                  010161b0    00000014     drivers_cc32xx.aem4 : PowerCC32XX.oem4 (.text:Power_getDependencyCount)
                  010161c4    00000014                         : SPI.oem4 (.text:SPI_Params_init)
                  010161d8    00000014     slnetsock_release.a : slnetsock.oem4 (.text:SlNetSock_sdsClrAll)
                  010161ec    00000014     mqtt_release.a : client_core.oem4 (.text:ack1WlRmfree)
                  01016200    00000014     freertos_builds_CC3220SF_LAUNCHXL_release_ccs.lib : tasks.obj (.text:prvDeleteTCB)
                  01016214    00000014                                                       : pthread.obj (.text:pthread_attr_setstacksize)
                  01016228    00000014                                                       : pthread_mutex.obj (.text:pthread_mutex_lock)
                  0101623c    00000014                                                       : pthread.obj (.text:pthread_self)
                  01016250    00000014                                                       : semaphore.obj (.text:sem_destroy)
                  01016264    00000014     rtsv7M4_T_le_eabi.lib : strlen.c.obj (.text:strlen)
                  01016278    00000014     mqtt_release.a : client_core.oem4 (.text:txPartBufP)
                  0101628c    00000014                    : client_core.oem4 (.text:txPartReset)
                  010162a0    00000014     freertos_builds_CC3220SF_LAUNCHXL_release_ccs.lib : PowerCC32XX_freertos.obj (.text:vPortSuppressTicksAndSleep)
                  010162b4    00000014                                                       : tasks.obj (.text:xTaskGetCurrentTaskHandle)
                  010162c8    00000014                                                       : tasks.obj (.text:xTaskGetTickCount)
                  010162dc    00000012                                                       : HwiPCC32XX_freertos.obj (.text:HwiP_delete)
                  010162ee    00000012     slnetifwifi.a : slnetifwifi.obj (.text:SlNetIfWifi_close)
                  01016300    00000012     mqtt_release.a : client_core.oem4 (.text:mqpDoNotReportCor)
                  01016312    00000012                    : client_core.oem4 (.text:sessionResume)
                  01016324    00000012     rtsv7M4_T_le_eabi.lib : wcslen.c.obj (.text:wcslen)
                  01016336    00000010     ti_drivers_config.obj (.text:Board_init)
                  01016346    00000010     freertos_builds_CC3220SF_LAUNCHXL_release_ccs.lib : ClockP_freertos.obj (.text:ClockP_getSystemTickPeriod)
                  01016356    00000010     mqtt_release.a : client_core.oem4 (.text:MQTTClientCore_sendUnsubMsg)
                  01016366    00000010     slnetsock_release.a : slnetsock.oem4 (.text:SlNetSock_secAttribCreate)
                  01016376    00000002     --HOLE-- [fill = 0]
                  01016378    00000010     driverlib.a : systick.obj (.text:SysTickDisable)
                  01016388    00000010                 : systick.obj (.text:SysTickEnable)
                  01016398    00000010     simplelink.a : driver.obj (.text:_SlDrvDispatchHttpServerEvents)
                  010163a8    00000010                  : driver.obj (.text:_SlDrvDispatchNetAppRequestEvents)
                  010163b8    00000010                  : driver.obj (.text:_SlDrvIsSpawnOwnGlobalLock)
                  010163c8    00000010     mqtt_release.a : client_core.oem4 (.text:clCtxFreeup)
                  010163d8    00000010     ti_drivers_config.obj (.text:dmaErrorFxn)
                  010163e8    00000010     mqtt_release.a : client_core.oem4 (.text:isConnected)
                  010163f8    00000010                    : client_core.oem4 (.text:isValidUTF8String)
                  01016408    00000010                    : client_core.oem4 (.text:mqpFree)
                  01016418    00000010     freertos_builds_CC3220SF_LAUNCHXL_release_ccs.lib : list.obj (.text:vListInitialiseItem)
                  01016428    00000010                                                       : tasks.obj (.text:vTaskSuspendAll)
                  01016438    0000000e     mqtt_release.a : mqttclient.oem4 (.text:MQTTClient_subscribe)
                  01016446    0000000e                    : mqttclient.oem4 (.text:MQTTClient_unsubscribe)
                  01016454    0000000e     drivers_cc32xx.aem4 : PowerCC32XX.oem4 (.text:Power_getTransitionLatency)
                  01016462    0000000e     simplelink.a : driver.obj (.text:_SlDrvResetCmdExt)
                  01016470    0000000e     mqtt_release.a : mqttclient.oem4 (.text:_sl_ExtLib_AwaitedAckSet)
                  0101647e    0000000e                    : client_core.oem4 (.text:connSentStateRx)
                  0101648c    0000000e     rtsv7M4_T_le_eabi.lib : copy_decompress_none.c.obj (.text:decompress:none:__TI_decompress_none)
                  0101649a    0000000e     drivers_cc32xx.aem4 : SPICC32XXDMA.oem4 (.text:postNotifyFxn)
                  010164a8    0000000e     simplelink.a : cc_pal.obj (.text:spi_Close)
                  010164b6    0000000c     driverlib.a : cpu.obj (.text:CPUwfi)
                  010164c2    0000000c     freertos_builds_CC3220SF_LAUNCHXL_release_ccs.lib : HwiPCC32XX_freertos.obj (.text:HwiP_clearInterrupt)
                  010164ce    0000000c                                                       : HwiPCC32XX_freertos.obj (.text:HwiP_disableInterrupt)
                  010164da    0000000c                                                       : HwiPCC32XX_freertos.obj (.text:HwiP_enableInterrupt)
                  010164e6    0000000c     mqtt_release.a : client_core.oem4 (.text:MQTTClientCore_sendConnectMsg)
                  010164f2    0000000c                    : mqtt_common.oem4 (.text:MQTT_secureConnStructInit)
                  010164fe    00000002     --HOLE-- [fill = 0]
                  01016500    0000000c     network_if.obj (.text:Network_IF_ResetMCUStateMachine)
                  0101650c    0000000c     simplelink.a : cc_pal.obj (.text:NwpMaskInterrupt)
                  01016518    0000000c                  : cc_pal.obj (.text:NwpUnMaskInterrupt)
                  01016524    0000000c     drivers_cc32xx.aem4 : PowerCC32XX.oem4 (.text:Power_getConstraintMask)
                  01016530    0000000c     freertos_builds_CC3220SF_LAUNCHXL_release_ccs.lib : SemaphoreP_freertos.obj (.text:SemaphoreP_delete)
                  0101653c    0000000c     network_if.obj (.text:SimpleLinkHttpServerEventHandler)
                  01016548    0000000c     network_if.obj (.text:SimpleLinkNetAppRequestEventHandler)
                  01016554    0000000c     simplelink.a : device.obj (.text:_SlDeviceResetRequestInitCompletedCB)
                  01016560    0000000c     mqtt_release.a : client_core.oem4 (.text:_txPartReset)
                  0101656c    0000000c     rtsv7M4_T_le_eabi.lib : s_copysign.c.obj (.text:copysign)
                  01016578    0000000c                           : copy_zero_init.c.obj (.text:decompress:ZI:__TI_zero_init)
                  01016584    0000000c     drivers_cc32xx.aem4 : UARTCC32XXDMA.oem4 (.text:postNotifyFxn)
                  01016590    0000000c     driverlib.a : udma.obj (.text:uDMAErrorStatusClear)
                  0101659c    0000000c                 : udma.obj (.text:uDMAErrorStatusGet)
                  010165a8    0000000c     freertos_builds_CC3220SF_LAUNCHXL_release_ccs.lib : tasks.obj (.text:vTaskMissedYield)
                  010165b4    0000000a     driverlib.a : interrupt.obj (.text:IntMasterEnable)
                  010165be    0000000a     drivers_cc32xx.aem4 : SPI.oem4 (.text:SPI_close)
                  010165c8    0000000a                         : SPI.oem4 (.text:SPI_transfer)
                  010165d2    0000000a     network_if.obj (.text:SimpleLinkGeneralEventHandler)
                  010165dc    0000000a     network_if.obj (.text:SimpleLinkNetAppRequestMemFreeEventHandler)
                  010165e6    0000000a     drivers_cc32xx.aem4 : UART.oem4 (.text:UART_close)
                  010165f0    0000000a                         : UART.oem4 (.text:UART_control)
                  010165fa    0000000a                         : UART.oem4 (.text:UART_readPolling)
                  01016604    0000000a                         : UART.oem4 (.text:UART_writePolling)
                  0101660e    0000000a     simplelink.a : device.obj (.text:sl_Task)
                  01016618    0000000a     main_freertos.obj (.text:vApplicationStackOverflowHook)
                  01016622    00000008     freertos_builds_CC3220SF_LAUNCHXL_release_ccs.lib : ClockP_freertos.obj (.text:ClockP_getSystemTicks)
                  0101662a    00000008     mqtt_release.a : client_core.oem4 (.text:MQTTClientCore_sendSubMsg)
                  01016632    00000008                    : mqtt_net_func.oem4 (.text:MQTTNet_tcpSend)
                  0101663a    00000008     driverlib.a : prcm.obj (.text:PRCMSleepEnter)
                  01016642    00000008     simplelink.a : cc_pal.obj (.text:TimerGetCurrentTimestamp)
[...]
01013009  MQTTClient_set                            
01013051  PRCMLPDSEnter                             
01013099  PRCMPeripheralClkEnable                   
010130e1  Power_releaseConstraint                   
01013129  SlNetSock_connect                         
01013171  SlNetSock_init                            
010131b9  SlNetSock_setOpt                          
01013201  _SlDeviceFatalErrorEvtHdlr                
01013249  _SlDeviceGeneralEvtHdlr                   
01013291  _SlDrvBasicCmd                            
010132d9  _SlDrvSyncObjWaitTimeout                  
01013321  _SlNetAppEvtHdlr                          
01013369  _SlNetAppRequestMemFree                   
010133b1  _SlSockEvtHdlr                            
010133f9  _SlWlanEvtHdlr                            
01013519  __aeabi_d2iz                              
01013561  sleep                                     
010135a9  uxListRemove                              
01013639  MQTTClientCore_run                        
0101367d  MQTTNet_tcpRecv                           
010136c1  MqttClientCtxDelete                       
01013705  PRCMLPDSRestoreInfoSet                    
01013749  PowerCC32XX_enterLPDS                     
0101378d  SPI_init                                  
01013815  UART_init                                 
01013859  __TI_auto_init_nobinit_nopinit            
010138e1  vTaskStepTick                             
01013969  MQTT_packetBufRdRemlen                    
010139ab  malloc                                    
01013a2d  InitializeAppVariables                    
01013a6d  MQTTClientCore_registerCtxInfo            
01013aad  Mqtt_Stop                                 
01013aed  PinModeSet                                
01013b2d  SPI_open                                  
01013b6d  SlNetSock_bind                            
01013bad  SlNetSock_secAttribSet                    
01013bed  UART_open                                 
01013c2d  UDMACC32XX_init                           
01013c6d  _SlDrvGlobalObjUnLock                     
01013cad  _SlFindAndReleasePendingCmd               
01013ced  _SlInternalSpawnWaitForEvent              
01013d2d  _SlIsEventRegistered                      
01013d6d  __aeabi_errno_addr                        
01013dad  _sl_ExtLib_ServerAckLockedWait            
01013e6d  vTaskPlaceOnEventListRestricted           
01013ead  ClockP_callbackFxn                        
01013eeb  MQTT_packetAckWlistRemove                 
01013f29  MQTT_packetBufTailWrRemlen                
01013f67  SlNetSock_close                           
0101409d  pthread_setcancelstate                    
010140db  sem_post                                  
01014119  MQTTClientCore_registerBuffers            
01014155  MQTTClient_disconnect                     
01014191  MQTT_qos2PubCqCheck                       
010141cd  Network_IF_DisconnectFromAP               
01014209  PRCMSlowClkCtrFastGet                     
01014245  Power_setConstraint                       
01014371  pvTaskGetThreadLocalStoragePointer        
010143e9  stop_all                                  
0101449d  usleep                                    
010144d9  vListInsertEnd                            
01014515  xTimerCreate                              
01014551  SlNetIfWifi_getIPAddr                     
010145c5  MQTTClientCore_registerNetSvc             
010145fd  MQTT_qos2PubCqLogup                       
01014635  PRCMLPDSEnterKeepDebugIf                  
0101466d  SlNetIfWifi_recvFrom                      
010146a5  SlNetIfWifi_sendTo                        
010146dd  SlNetIfWifi_socket                        
0101474d  SlNetSock_listen                          
01014785  SlNetUtil_htonl                           
01014785  SlNetUtil_ntohl                           
0101490d  MQTT_packetPrepFh                         
01014943  SlNetIfWifi_getHostByName                 
01014979  SlNetIfWifi_select                        
010149e5  packageRoverJSON                          
01014a1b  strncpy                                   
01014a51  PinModeGet                                
01014a85  PowerCC32XX_restoreParkState              
01014ab9  SemaphoreP_pend                           
01014aed  SlNetUtil_htons                           
01014aed  SlNetUtil_ntohs                           
01014b21  UDMACC32XX_close                          
01014c25  vTaskPlaceOnEventList                     
01014c59  vTaskSetThreadLocalStoragePointer         
01014cc1  MQTT_clCtxTimeoutInsert                   
01014d25  PowerCC32XX_restoreParkedPin              
01014e45  sendToPubQ                                
01014e75  vListInitialise                           
01014ea5  vPortExitCritical                         
01014ed5  xTaskGetSchedulerState                    
01014f05  Mutex_create_handle                       
01014f33  pvTimerGetTimerID                         
01014f61  __aeabi_i2d                               
01014f91  HwiP_disable                              
01014fbd  NwpPowerOn                                
01014fe9  PRCMLPDSIntervalSet                       
01015015  PowerCC32XX_getParkState                  
01015041  SemaphoreP_createBinary                   
0101506d  SlNetIfWifi_recv                          
01015099  SlNetIfWifi_send                          
010150c5  _SlDrvSyncObjWaitForever                  
01015149  pthread_mutexattr_settype                 
010151a1  strncmp                                   
010151cd  vTaskSetApplicationTaskTag                
010151f9  xPortSysTickHandler                       
01015225  xQueueCreateMutex                         
01015251  SlNetUtil_inetPton                        
0101527b  UARTCC32XXDMA_readCancel                  
010152a5  UARTCC32XXDMA_writeCancel                 
01015377  uxQueueMessagesWaiting                    
010153a1  HwiP_inISR                                
010153c9  MQTT_packetBufWrUtf8                      
010153f1  PRCMLPDSWakeupSourceEnable                
01015419  PRCMPeripheralClkDisable                  
01015441  Power_registerNotify                      
01015469  SlNetIf_getIfByID                         
01015491  SlNetSock_sdsIsSet                        
010154b9  SlNetSock_sdsSet                          
010154e1  SlNetSock_secAttribDelete                 
01015509  _SlDrvProtectionObjLockWaitForever        
01015531  _SlDrvProtectionObjUnLock                 
01015559  _SlFlowContSet                            
010155a9  _sl_ExtLib_AwaitedAckLockedSet            
010155d1  pthread_attr_setschedparam                
010155f9  sem_trywait                               
01015621  xTaskGetApplicationTaskTag                
01015649  List_put                                  
0101566f  List_remove                               
01015695  MQTT_clCtxRemove                          
010156bb  _pthread_cleanup_pop                      
01015709  IntUnregister                             
0101572d  PowerCC32XX_reset                         
01015751  SlNetIf_getConnectionStatus               
01015775  _SlDrvIsApiInProgress                     
01015799  _SlDrvStartMeasureTimeout                 
010157bd  _c_int00_noargs                           
01015805  memmove                                   
01015871  sem_getvalue                              
01015895  sl_WlanDisconnect                         
010158b9  vQueueDelete                              
010158dd  vTaskInternalSetTimeOutState              
01015901  MQTT_packetProcMsgIdAckRx                 
01015923  SemaphoreP_post                           
01015945  pthread_attr_setdetachstate               
01015969  ClockP_getCpuFreq                         
01015989  HwiP_restore                              
010159a9  IntRegister                               
010159c9  MQTT_qos2PubCqReset                       
010159e9  Power_unregisterNotify                    
01015a09  SlNetIfWifi_accept                        
01015aa9  sendToSubArmSensorQ                       
01015ac9  sendToSubRoverSensorQ                     
01015b09  ClockP_start                              
01015b27  HwiP_Params_init                          
01015b45  MQTTClientCore_alloc                      
01015b63  MQTTClientCore_ctxRun                     
01015b81  SlNetIfWifi_bind                          
01015b9f  SlNetIfWifi_connect                       
01015bbd  _SlDrvObjLockWaitForever                  
01015bdb  _SlDrvObjUnLock                           
01015bf9  _SlDrvSyncObjSignal                       
01015c35  jsmn_init                                 
01015cad  ClockP_Params_init                        
01015cc9  Message                                   
01015ce5  PinToPadGet                               
01015d1d  _SlInternalIsItSpawnThread                
01015d71  memccpy                                   
01015da9  pthread_attr_init                         
01015dc5  pthread_mutexattr_init                    
01015de1  pvTaskIncrementMutexHeldCount             
01015e19  MQTT_packetAckWlistPurge                  
01015e33  PTLS_taskDeleteHook                       
01015e4d  SlNetIfWifi_listen                        
01015e81  pthread_mutex_destroy                     
01015e9b  MQTT_clCtxTimeoutUpdate                   
01015eb5  Power_idleFunc                            
01015ecd  UARTBusy                                  
01015ee5  UART_Params_init                          
01015f15  free                                      
01015f5d  receiveFromPubQ                           
01015f75  receiveFromSubArmSensorQ                  
01015f8d  __aeabi_lmul                              
01015fa5  sem_wait                                  
01015fbd  sendToSubArmQ                             
01015fd5  sendToSubRoverQ                           
01015fed  strcmp                                    
01016005  ClockP_setTimeout                         
0101601b  MQTTNet_commClose                         
01016031  MQTT_clCtxReset                           
01016047  MQTT_packetFree                           
0101605d  MQTT_packetInit                           
01016073  PRCMHIBRegRead                            
01016089  PRCMHIBRegWrite                           
0101609f  PTLS_getBuf                               
010160b5  PTLS_setBuf                               
010160cb  SemaphoreP_Params_init                    
010160e1  _SlDrvMemZero                             
010160f9  resetISR                                  
01016108  resetVectorAddr                           
0101610f  strchr                                    
01016125  CPUcpsie                                  
01016139  IntVTableBaseSet                          
0101614d  MQTTClient_publish                        
01016161  MQTTNet_rtcSecs                           
01016175  MQTT_packetAckWlistAppend                 
01016189  MQTT_packetReset                          
0101619d  MqttClientThread                          
010161b1  Power_getDependencyCount                  
010161c5  SPI_Params_init                           
010161d9  SlNetSock_sdsClrAll                       
01016215  pthread_attr_setstacksize                 
01016229  pthread_mutex_lock                        
0101623d  pthread_self                              
01016251  sem_destroy                               
01016265  strlen                                    
010162a1  vPortSuppressTicksAndSleep                
010162b5  xTaskGetCurrentTaskHandle                 
010162c9  xTaskGetTickCount                         
010162dd  HwiP_delete                               
010162ef  SlNetIfWifi_close                         
01016325  wcslen                                    
01016337  Board_init                                
01016347  ClockP_getSystemTickPeriod                
01016357  MQTTClientCore_sendUnsubMsg               
01016367  SlNetSock_secAttribCreate                 
01016379  SysTickDisable                            
01016389  SysTickEnable                             
01016399  _SlDrvDispatchHttpServerEvents            
010163a9  _SlDrvDispatchNetAppRequestEvents         
010163b9  _SlDrvIsSpawnOwnGlobalLock                
01016419  vListInitialiseItem                       
01016429  vTaskSuspendAll                           
01016439  MQTTClient_subscribe                      
01016447  MQTTClient_unsubscribe                    
01016455  Power_getTransitionLatency                
01016463  _SlDrvResetCmdExt                         
01016471  _sl_ExtLib_AwaitedAckSet                  
0101648d  __TI_decompress_none                      
010164a9  spi_Close                                 
010164b7  CPUwfi                                    
010164c3  HwiP_clearInterrupt                       
010164cf  HwiP_disableInterrupt                     
010164db  HwiP_enableInterrupt                      
010164e7  MQTTClientCore_sendConnectMsg             
010164f3  MQTT_secureConnStructInit                 
01016501  Network_IF_ResetMCUStateMachine           
0101650d  NwpMaskInterrupt                          
01016519  NwpUnMaskInterrupt                        
01016525  Power_getConstraintMask                   
01016531  SemaphoreP_delete                         
0101653d  SimpleLinkHttpServerEventHandler          
01016549  SimpleLinkNetAppRequestEventHandler       
01016555  _SlDeviceResetRequestInitCompletedCB      
0101656d  copysign                                  
0101656d  copysignl                                 
01016579  __TI_zero_init                            
01016591  uDMAErrorStatusClear                      
0101659d  uDMAErrorStatusGet                        
010165a9  vTaskMissedYield                          
010165b5  IntMasterEnable                           
010165bf  SPI_close                                 
010165c9  SPI_transfer                              
010165d3  SimpleLinkGeneralEventHandler             
010165dd  SimpleLinkNetAppRequestMemFreeEventHandler
010165e7  UART_close                                
010165f1  UART_control                              
010165fb  UART_readPolling                          
01016605  UART_writePolling                         
0101660f  sl_Task                                   
01016619  vApplicationStackOverflowHook             
01016623  ClockP_getSystemTicks                     
0101662b  MQTTClientCore_sendSubMsg                 
01016633  MQTTNet_tcpSend                           
0101663b  PRCMSleepEnter                            
01016643  TimerGetCurrentTimestamp                  
0101666b  SPICC32XXDMA_control                      
01016671  UtilsDelay                                
0101668f  SPICC32XXDMA_init                         
01016693  SlNetIf_init                              
01016697  SlNetUtil_init                            
0101669b  __abort_execution                         
0101669f  _system_pre_init                          
010166a3  C$$EXIT                                   
010166a3  abort                                     
010166b0  _ctypes_                                  
01016b74  spiCC32XXDMAHWAttrs                       
01016bec  OpcodeTranslateTable                      
01016c5c  _SlActionLookupTable                      
01016cf8  PowerCC32XX_config                        
01016d38  UARTCC32XXDMA_fxnTable                    
01016d60  UART_defaultParams                        
01016dc8  SPI_defaultParams                         
01016e08  SPICC32XXDMA_fxnTable                     
01016e20  SPI_config                                
01016f90  UART_config                               
01016fc0  udmaCC3220SHWAttrs                        
01016fd4  UDMACC32XX_config                         
01016fdc  ulMaxSyscallInterruptPriority             
01017004  Display_count                             
01017005  CryptoCC32XX_count                        
01017006  SPI_count                                 
01017007  Timer_count                               
01017008  UART_count                                
01017009  Watchdog_count                            
01017040  _SlNetAppSendResponseCmdCtrl              
01017044  _SlNetAppSendTokenValueCmdCtrl            
01017088  __TI_static_base__                        
0101720c  __TI_Handler_Table_Base                   
01017218  __TI_Handler_Table_Limit                  
01017220  __TI_CINIT_Base                           
01017230  __TI_CINIT_Limit                          
20010bf0  MQTTClient_Lib_CB                         
20011000  g_CB                                      
200113fc  clients                                   
200116ac  PowerCC32XX_contextSave                   
20011970  spiCC32XXDMAObjects                       
20011a78  uartCC32XXObjects0                        
20011b2c  GlobalLockObj                             
20011b58  g_SlInternalSpawnCB                       
20011b80  g_ucConnectionSSID                        
20011ca0  DeviceCB                                  
20011cac  MqttClientExmple_params                   
20011cb8  Msg                                       
20011ccd  RxIrqCnt                                  
20011cce  MQTTClient_waitSecs                       
20011ce8  g_ucConnectionBSSID                       
20011cf0  spiCC32XXSDMAscratchBuf                   
20011cf8  udmaCC3220SObject                         
20011d0c  g_usConnectIndex                          
20011d10  HwiP_dispatchTable                        
20012510  PowerCC32XX_module                        
2001267c  parkInfo                                  
20012774  SlNetIfConfigWifi                         
20012804  pxCurrentTCB                              
20012838  MQTTClient_net                            
20012860  g_LibsEvents                              
20012884  g_UserEvents                              
200128a8  gApConnectionState                        
200128ac  gInitState                                
200128b0  memPtrCounterfree                         
200128b4  g_rx_task_hndl                            
200128b8  gUiConnFlag                               
200128bc  ClientUsername                            
200128c0  ClientPassword                            
200128c4  mqttThread                                
200128c8  appThread                                 
200128cc  Mqtt_ClientCtx                            
20012934  ClientId                                  
20012941  qos                                       
20012944  SecurityParams                            
20012968  g_ulStaIp                                 
2001296c  g_ulGatewayIP                             
20012970  g_ulStatus                                
20012974  gGlobalLockCntRequested                   
20012975  gGlobalLockCntReleased                    
20012976  g_SlDeviceStatus                          
20012978  g_pCB                                     
2001297c  pPingCallBackFunc                         
20012980  will_param                                
20012998  MQTTClient_closeContext                   
2001299c  MQTTClient_clientContext                  
200129a0  MQTTClient_multiSrvConn                   
200129a4  MQTTClient_clientCfg                      
200129cc  MQTTClient_connectCfg                     
200129dc  g_intHandle                               
200129e4  topic                                     
2003fc00  __stack                                   
20040000  __STACK_END                               
ffffffff  __TI_pprof_out_hndl                       
ffffffff  __TI_prof_data_size                       
ffffffff  __TI_prof_data_start                      
ffffffff  __binit__                                 
ffffffff  __c_args__                                
ffffffff  binit                                     
UNDEFED   __mpu_init                                
UNDEFED   _system_post_cinit                        

[653 symbols]
